2025-11-28 21:24:15.277 [info] [main] Log level: Info
2025-11-28 21:24:15.278 [info] [main] Validating found git in: "git"
2025-11-28 21:24:15.278 [info] [main] Using git "2.51.0" from "git"
2025-11-28 21:24:15.278 [info] [Model][doInitialScan] Initial repository scan started
2025-11-28 21:24:15.278 [info] > git rev-parse --show-toplevel [4ms]
2025-11-28 21:24:15.278 [info] > git rev-parse --git-dir --git-common-dir --show-superproject-working-tree [3ms]
2025-11-28 21:24:15.278 [info] [Model][openRepository] Opened repository (path): /home/rain/p/KUSM-bkend
2025-11-28 21:24:15.278 [info] [Model][openRepository] Opened repository (real path): /home/rain/p/KUSM-bkend
2025-11-28 21:24:15.278 [info] [Model][openRepository] Opened repository (kind): repository
2025-11-28 21:24:15.278 [info] > git rev-parse --show-toplevel [25ms]
2025-11-28 21:24:15.278 [info] > git config --get commit.template [32ms]
2025-11-28 21:24:15.294 [info] > git for-each-ref --format=%(refname)%00%(upstream:short)%00%(objectname)%00%(upstream:track)%00%(upstream:remotename)%00%(upstream:remoteref) refs/heads/master refs/remotes/master [17ms]
2025-11-28 21:24:15.294 [info] > git rev-parse --show-toplevel [23ms]
2025-11-28 21:24:15.296 [info] [Model][doInitialScan] Initial repository scan completed - repositories (1), closed repositories (0), parent repositories (0), unsafe repositories (0)
2025-11-28 21:24:15.316 [info] > git status -z -uall [5ms]
2025-11-28 21:24:15.317 [info] > git for-each-ref --sort -committerdate --format %(refname)%00%(objectname)%00%(*objectname) [2ms]
2025-11-28 21:24:15.337 [info] > git config --get commit.template [2ms]
2025-11-28 21:24:15.337 [info] > git for-each-ref --format=%(refname)%00%(upstream:short)%00%(objectname)%00%(upstream:track)%00%(upstream:remotename)%00%(upstream:remoteref) refs/heads/master refs/remotes/master [6ms]
2025-11-28 21:24:15.344 [info] > git config --get --local branch.master.vscode-merge-base [4ms]
2025-11-28 21:24:15.348 [info] > git for-each-ref --format=%(refname)%00%(upstream:short)%00%(objectname)%00%(upstream:track)%00%(upstream:remotename)%00%(upstream:remoteref) refs/heads/master refs/remotes/master [5ms]
2025-11-28 21:24:15.358 [info] > git status -z -uall [7ms]
2025-11-28 21:24:15.359 [info] > git for-each-ref --format=%(refname)%00%(upstream:short)%00%(objectname)%00%(upstream:track)%00%(upstream:remotename)%00%(upstream:remoteref) refs/heads/origin/master refs/remotes/origin/master [12ms]
2025-11-28 21:24:15.363 [info] > git for-each-ref --sort -committerdate --format %(refname)%00%(objectname)%00%(*objectname) [10ms]
2025-11-28 21:24:15.369 [info] > git merge-base refs/heads/master refs/remotes/origin/master [6ms]
2025-11-28 21:24:15.373 [info] > git merge-base refs/heads/master refs/remotes/origin/master [5ms]
2025-11-28 21:24:15.377 [info] > git diff --name-status -z --diff-filter=ADMR --find-renames=50% a3c7337aa36fb931240c919039ff9b653202ced9...refs/remotes/origin/master -- [3ms]
2025-11-28 21:24:15.378 [info] > git diff --name-status -z --diff-filter=ADMR --find-renames=50% a3c7337aa36fb931240c919039ff9b653202ced9...refs/remotes/origin/master -- [2ms]
2025-11-28 21:24:15.507 [info] > git show --textconv :main.py [3ms]
2025-11-28 21:24:15.508 [info] > git ls-files --stage -- main.py [1ms]
2025-11-28 21:24:15.512 [info] > git cat-file -s aac330679635d2993e3835328a52b08494234f7d [2ms]
2025-11-28 21:24:15.523 [info] > git blame --root --incremental a3c7337aa36fb931240c919039ff9b653202ced9 -- main.py [2ms]
2025-11-28 21:24:15.753 [info] > git check-ignore -v -z --stdin [2ms]
2025-11-28 21:24:17.479 [info] > git ls-files --stage -- main.py [1ms]
2025-11-28 21:24:17.484 [info] > git cat-file -s aac330679635d2993e3835328a52b08494234f7d [2ms]
2025-11-28 21:24:17.490 [info] > git show --textconv :main.py [1ms]
2025-11-28 21:24:19.202 [info] > git fetch [3981ms]
2025-11-28 21:24:19.209 [info] > git config --get commit.template [3ms]
2025-11-28 21:24:19.211 [info] > git for-each-ref --format=%(refname)%00%(upstream:short)%00%(objectname)%00%(upstream:track)%00%(upstream:remotename)%00%(upstream:remoteref) refs/heads/master refs/remotes/master [2ms]
2025-11-28 21:24:19.217 [info] > git status -z -uall [3ms]
2025-11-28 21:24:19.218 [info] > git for-each-ref --sort -committerdate --format %(refname)%00%(objectname)%00%(*objectname) [1ms]
2025-11-28 21:34:25.183 [info] > git ls-files --stage -- main.py [1ms]
2025-11-28 21:34:25.188 [info] > git cat-file -s aac330679635d2993e3835328a52b08494234f7d [1ms]
2025-11-28 21:34:25.195 [info] > git show --textconv :main.py [2ms]
2025-11-28 21:34:28.394 [info] > git ls-files --stage -- main.py [2ms]
2025-11-28 21:34:28.399 [info] > git cat-file -s aac330679635d2993e3835328a52b08494234f7d [2ms]
2025-11-28 21:34:28.403 [info] > git show --textconv :main.py [1ms]
2025-11-28 21:34:30.377 [info] > git fetch [5200ms]
2025-11-28 21:34:30.384 [info] > git config --get commit.template [3ms]
2025-11-28 21:34:30.385 [info] > git for-each-ref --format=%(refname)%00%(upstream:short)%00%(objectname)%00%(upstream:track)%00%(upstream:remotename)%00%(upstream:remoteref) refs/heads/master refs/remotes/master [2ms]
2025-11-28 21:34:30.391 [info] > git status -z -uall [3ms]
2025-11-28 21:34:30.392 [info] > git for-each-ref --sort -committerdate --format %(refname)%00%(objectname)%00%(*objectname) [2ms]
