2025-11-28 21:34:37.228 [info] Reading sessions from keychain...
2025-11-28 21:34:37.228 [info] Getting sessions for all scopes...
2025-11-28 21:34:37.240 [info] Got 0 sessions for ...
2025-11-28 21:34:37.240 [info] Getting sessions for all scopes...
2025-11-28 21:34:37.240 [info] Got 0 sessions for ...
2025-11-28 21:34:37.240 [info] Getting sessions for all scopes...
2025-11-28 21:34:37.240 [info] Got 0 sessions for ...
2025-11-28 21:34:37.240 [info] Getting sessions for all scopes...
2025-11-28 21:34:37.240 [info] Got 0 sessions for ...
2025-11-28 21:34:37.240 [info] Getting sessions for all scopes...
2025-11-28 21:34:37.240 [info] Got 0 sessions for ...
2025-11-28 21:34:37.240 [info] Getting sessions for all scopes...
2025-11-28 21:34:37.241 [info] Got 0 sessions for ...
2025-11-28 21:34:37.241 [info] Getting sessions for all scopes...
2025-11-28 21:34:37.241 [info] Got 0 sessions for ...
2025-11-28 21:34:37.281 [info] Getting sessions for all scopes...
2025-11-28 21:34:37.281 [info] Got 0 sessions for ...
2025-11-28 21:34:37.282 [info] Getting sessions for all scopes...
2025-11-28 21:34:37.282 [info] Got 0 sessions for ...
2025-11-28 21:34:37.282 [info] Getting sessions for all scopes...
2025-11-28 21:34:37.282 [info] Got 0 sessions for ...
2025-11-28 21:34:37.282 [info] Getting sessions for all scopes...
2025-11-28 21:34:37.282 [info] Got 0 sessions for ...
2025-11-28 21:34:37.282 [info] Getting sessions for all scopes...
2025-11-28 21:34:37.282 [info] Got 0 sessions for ...
2025-11-28 21:34:37.282 [info] Getting sessions for all scopes...
2025-11-28 21:34:37.282 [info] Got 0 sessions for ...
2025-11-28 21:34:37.317 [info] Getting sessions for all scopes...
2025-11-28 21:34:37.317 [info] Got 0 sessions for ...
2025-11-28 21:34:37.600 [info] Getting sessions for read:user,repo,user:email,workflow...
2025-11-28 21:34:37.600 [info] Got 0 sessions for read:user,repo,user:email,workflow...
2025-11-28 21:34:37.625 [info] Getting sessions for all scopes...
2025-11-28 21:34:37.625 [info] Got 0 sessions for ...
2025-11-28 21:34:37.636 [info] Getting sessions for read:user,repo,user:email,workflow...
2025-11-28 21:34:37.636 [info] Got 0 sessions for read:user,repo,user:email,workflow...
2025-11-28 21:34:39.386 [info] Getting sessions for all scopes...
2025-11-28 21:34:39.386 [info] Got 0 sessions for ...
2025-11-28 21:35:43.228 [info] Getting sessions for read:user,repo,user:email,workflow...
2025-11-28 21:35:43.228 [info] Got 0 sessions for read:user,repo,user:email,workflow...
