2025-11-28 21:34:37.118 [info] Extension host with pid 76603 started
2025-11-28 21:34:37.118 [info] Skipping acquiring lock for /home/rain/.config/Code/User/workspaceStorage/1ed9078fe4eff4f9f86bece446a24eb6.
2025-11-28 21:34:37.163 [info] ExtensionService#_doActivateExtension vscode.github-authentication, startup: false, activationEvent: 'onAuthenticationRequest:github'
2025-11-28 21:34:37.180 [info] ExtensionService#_doActivateExtension vscode.emmet, startup: false, activationEvent: 'onLanguage'
2025-11-28 21:34:37.235 [info] ExtensionService#_doActivateExtension vscode.git-base, startup: true, activationEvent: '*', root cause: vscode.git
2025-11-28 21:34:37.248 [info] ExtensionService#_doActivateExtension vscode.git, startup: true, activationEvent: '*'
2025-11-28 21:34:37.281 [info] ExtensionService#_doActivateExtension vscode.github, startup: true, activationEvent: '*'
2025-11-28 21:34:37.589 [warning] [Decorations] CAPPING events from decorations provider vscode.git 1379
2025-11-28 21:34:37.828 [warning] [Decorations] CAPPING events from decorations provider vscode.git 1379
2025-11-28 21:34:40.896 [warning] [Decorations] CAPPING events from decorations provider vscode.git 1379
2025-11-28 21:34:44.220 [info] Not activating extension 'ms-python.python': Timed out while searching for 'workspaceContains' pattern **/pylock.*.toml
2025-11-28 21:34:44.221 [info] Eager extensions activated
2025-11-28 21:34:44.221 [info] ExtensionService#_doActivateExtension vscode.debug-auto-launch, startup: false, activationEvent: 'onStartupFinished'
2025-11-28 21:34:44.224 [info] ExtensionService#_doActivateExtension vscode.merge-conflict, startup: false, activationEvent: 'onStartupFinished'
2025-11-28 21:35:27.971 [info] ExtensionService#_doActivateExtension vscode.configuration-editing, startup: false, activationEvent: 'onLanguage:jsonc'
2025-11-28 21:35:27.976 [info] ExtensionService#_doActivateExtension vscode.json-language-features, startup: false, activationEvent: 'onLanguage:jsonc'
2025-11-28 21:35:28.008 [info] ExtensionService#_doActivateExtension vscode.typescript-language-features, startup: false, activationEvent: 'onLanguage:jsonc'
2025-11-28 21:35:43.217 [warning] [Decorations] CAPPING events from decorations provider vscode.git 1843
2025-11-28 21:35:43.384 [warning] [Decorations] CAPPING events from decorations provider vscode.git 1843
2025-11-28 21:35:44.421 [warning] [Decorations] CAPPING events from decorations provider vscode.git 1843
2025-11-28 21:36:02.819 [info] Extension host terminating: renderer closed the MessagePort
2025-11-28 21:36:02.831 [info] Extension host with pid 76603 exiting with code 0
