2025-11-28 21:24:14.936 [info] Reading sessions from keychain...
2025-11-28 21:24:14.936 [info] Getting sessions for all scopes...
2025-11-28 21:24:14.936 [info] Got 0 sessions for ...
2025-11-28 21:24:14.936 [info] Getting sessions for all scopes...
2025-11-28 21:24:14.936 [info] Got 0 sessions for ...
2025-11-28 21:24:14.936 [info] Getting sessions for all scopes...
2025-11-28 21:24:14.936 [info] Got 0 sessions for ...
2025-11-28 21:24:14.936 [info] Getting sessions for all scopes...
2025-11-28 21:24:14.936 [info] Got 0 sessions for ...
2025-11-28 21:24:14.936 [info] Getting sessions for all scopes...
2025-11-28 21:24:14.936 [info] Got 0 sessions for ...
2025-11-28 21:24:14.936 [info] Getting sessions for all scopes...
2025-11-28 21:24:14.936 [info] Got 0 sessions for ...
2025-11-28 21:24:14.936 [info] Getting sessions for all scopes...
2025-11-28 21:24:14.936 [info] Got 0 sessions for ...
2025-11-28 21:24:14.936 [info] Getting sessions for all scopes...
2025-11-28 21:24:14.936 [info] Got 0 sessions for ...
2025-11-28 21:24:14.936 [info] Getting sessions for all scopes...
2025-11-28 21:24:14.936 [info] Got 0 sessions for ...
2025-11-28 21:24:14.936 [info] Getting sessions for all scopes...
2025-11-28 21:24:14.936 [info] Got 0 sessions for ...
2025-11-28 21:24:14.936 [info] Getting sessions for all scopes...
2025-11-28 21:24:14.936 [info] Got 0 sessions for ...
2025-11-28 21:24:14.936 [info] Getting sessions for all scopes...
2025-11-28 21:24:14.936 [info] Got 0 sessions for ...
2025-11-28 21:24:14.936 [info] Getting sessions for all scopes...
2025-11-28 21:24:14.936 [info] Got 0 sessions for ...
2025-11-28 21:24:14.936 [info] Getting sessions for all scopes...
2025-11-28 21:24:14.936 [info] Got 0 sessions for ...
2025-11-28 21:24:14.936 [info] Getting sessions for all scopes...
2025-11-28 21:24:14.936 [info] Got 0 sessions for ...
2025-11-28 21:24:14.936 [info] Getting sessions for all scopes...
2025-11-28 21:24:14.936 [info] Got 0 sessions for ...
2025-11-28 21:24:15.377 [info] Getting sessions for read:user,repo,user:email,workflow...
2025-11-28 21:24:15.377 [info] Got 0 sessions for read:user,repo,user:email,workflow...
2025-11-28 21:24:16.470 [info] Getting sessions for all scopes...
2025-11-28 21:24:16.470 [info] Got 0 sessions for ...
