2025-11-28 21:24:14.239 [info] Extension host with pid 72522 started
2025-11-28 21:24:14.239 [info] Skipping acquiring lock for /home/rain/.config/Code/User/workspaceStorage/8b47fab4f5e4a0da8eccf6aee179f6b0.
2025-11-28 21:24:14.354 [info] ExtensionService#_doActivateExtension vscode.github-authentication, startup: false, activationEvent: 'onAuthenticationRequest:github'
2025-11-28 21:24:14.371 [info] ExtensionService#_doActivateExtension vscode.emmet, startup: false, activationEvent: 'onLanguage'
2025-11-28 21:24:14.382 [info] ExtensionService#_doActivateExtension ms-python.python, startup: false, activationEvent: 'onLanguage:python', root cause: ms-python.debugpy
2025-11-28 21:24:14.497 [info] ExtensionService#_doActivateExtension ms-python.vscode-pylance, startup: false, activationEvent: 'onLanguage:python'
2025-11-28 21:24:14.770 [info] ExtensionService#_doActivateExtension ms-python.vscode-python-envs, startup: false, activationEvent: 'onLanguage:python'
2025-11-28 21:24:14.863 [info] ExtensionService#_doActivateExtension vscode.terminal-suggest, startup: false, activationEvent: 'onTerminalShellIntegration:*'
2025-11-28 21:24:15.056 [info] ExtensionService#_doActivateExtension ms-python.debugpy, startup: false, activationEvent: 'onLanguage:python'
2025-11-28 21:24:15.106 [info] ExtensionService#_doActivateExtension vscode.git-base, startup: true, activationEvent: '*', root cause: vscode.git
2025-11-28 21:24:15.112 [info] ExtensionService#_doActivateExtension vscode.git, startup: true, activationEvent: '*'
2025-11-28 21:24:15.143 [info] ExtensionService#_doActivateExtension vscode.github, startup: true, activationEvent: '*'
2025-11-28 21:24:15.265 [info] Eager extensions activated
2025-11-28 21:24:15.278 [info] ExtensionService#_doActivateExtension vscode.debug-auto-launch, startup: false, activationEvent: 'onStartupFinished'
2025-11-28 21:24:15.280 [info] ExtensionService#_doActivateExtension vscode.merge-conflict, startup: false, activationEvent: 'onStartupFinished'
2025-11-28 21:24:16.952 [warning] DiagnosticCollection with name 'Pylance' does already exist.
2025-11-28 21:24:16.974 [warning] DiagnosticCollection with name 'Pylance' does already exist.
2025-11-28 21:24:16.981 [warning] DiagnosticCollection with name 'Pylance' does already exist.
2025-11-28 21:34:30.672 [info] Extension host terminating: renderer closed the MessagePort
2025-11-28 21:34:30.681 [error] TypeError: Cannot read properties of undefined (reading 'subscriptions')
	at Object.G [as deactivate] (/home/rain/.vscode/extensions/ms-python.vscode-python-envs-1.12.0-linux-x64/dist/extension.js:2:681672)
	at kX.eb (file:///var/lib/snapd/snap/code/214/usr/share/code/resources/app/out/vs/workbench/api/node/extensionHostProcess.js:118:11850)
	at file:///var/lib/snapd/snap/code/214/usr/share/code/resources/app/out/vs/workbench/api/node/extensionHostProcess.js:118:10000
	at Array.map (<anonymous>)
	at kX.$ (file:///var/lib/snapd/snap/code/214/usr/share/code/resources/app/out/vs/workbench/api/node/extensionHostProcess.js:118:9988)
	at kX.terminate (file:///var/lib/snapd/snap/code/214/usr/share/code/resources/app/out/vs/workbench/api/node/extensionHostProcess.js:118:10231)
	at nN.terminate (file:///var/lib/snapd/snap/code/214/usr/share/code/resources/app/out/vs/workbench/api/node/extensionHostProcess.js:120:914)
	at Fs (file:///var/lib/snapd/snap/code/214/usr/share/code/resources/app/out/vs/workbench/api/node/extensionHostProcess.js:402:10411)
	at MessagePortMain.<anonymous> (file:///var/lib/snapd/snap/code/214/usr/share/code/resources/app/out/vs/workbench/api/node/extensionHostProcess.js:402:6949)
	at MessagePortMain.emit (node:events:519:28)
	at MessagePortMain._internalPort.emit (node:electron/js2c/utility_init:2:2949)
2025-11-28 21:34:30.682 [info] Extension host with pid 72522 exiting with code 0
