2025-11-28 21:33:43.979 [info] Reading sessions from keychain...
2025-11-28 21:33:43.979 [info] Getting sessions for all scopes...
2025-11-28 21:33:43.979 [info] Got 0 sessions for ...
2025-11-28 21:33:43.979 [info] Getting sessions for all scopes...
2025-11-28 21:33:43.979 [info] Got 0 sessions for ...
2025-11-28 21:33:43.979 [info] Getting sessions for all scopes...
2025-11-28 21:33:43.979 [info] Got 0 sessions for ...
2025-11-28 21:33:43.979 [info] Getting sessions for all scopes...
2025-11-28 21:33:43.979 [info] Got 0 sessions for ...
2025-11-28 21:33:43.979 [info] Getting sessions for all scopes...
2025-11-28 21:33:43.979 [info] Got 0 sessions for ...
2025-11-28 21:33:43.979 [info] Getting sessions for all scopes...
2025-11-28 21:33:43.979 [info] Got 0 sessions for ...
2025-11-28 21:33:43.979 [info] Getting sessions for all scopes...
2025-11-28 21:33:43.979 [info] Got 0 sessions for ...
2025-11-28 21:33:43.980 [info] Getting sessions for all scopes...
2025-11-28 21:33:43.980 [info] Got 0 sessions for ...
2025-11-28 21:33:43.980 [info] Getting sessions for all scopes...
2025-11-28 21:33:43.980 [info] Got 0 sessions for ...
2025-11-28 21:33:43.980 [info] Getting sessions for all scopes...
2025-11-28 21:33:43.980 [info] Got 0 sessions for ...
2025-11-28 21:33:43.980 [info] Getting sessions for all scopes...
2025-11-28 21:33:43.980 [info] Got 0 sessions for ...
2025-11-28 21:33:43.980 [info] Getting sessions for all scopes...
2025-11-28 21:33:43.980 [info] Got 0 sessions for ...
2025-11-28 21:33:43.980 [info] Getting sessions for all scopes...
2025-11-28 21:33:43.980 [info] Got 0 sessions for ...
2025-11-28 21:33:44.147 [info] Getting sessions for all scopes...
2025-11-28 21:33:44.147 [info] Got 0 sessions for ...
2025-11-28 21:33:44.374 [info] Getting sessions for read:user,repo,user:email,workflow...
2025-11-28 21:33:44.374 [info] Got 0 sessions for read:user,repo,user:email,workflow...
2025-11-28 21:33:44.381 [info] Getting sessions for all scopes...
2025-11-28 21:33:44.381 [info] Got 0 sessions for ...
2025-11-28 21:33:44.635 [info] Getting sessions for read:user,repo,user:email,workflow...
2025-11-28 21:33:44.635 [info] Got 0 sessions for read:user,repo,user:email,workflow...
2025-11-28 21:33:44.881 [info] Getting sessions for read:user,repo,user:email,workflow...
2025-11-28 21:33:44.881 [info] Got 0 sessions for read:user,repo,user:email,workflow...
2025-11-28 21:33:46.113 [info] Getting sessions for all scopes...
2025-11-28 21:33:46.113 [info] Got 0 sessions for ...
